main.c:92:5:main	8	static
main.c:149:6:SystemClock_Config	104	static
main.c:200:13:MX_ADC1_Init	24	static
main.c:275:13:MX_I2C1_Init	8	static
main.c:309:13:MX_RTC_Init	8	static
main.c:343:13:MX_SDIO_SD_Init	8	static
main.c:379:13:MX_SPI1_Init	8	static
main.c:417:13:MX_SPI2_Init	8	static
main.c:455:13:MX_TIM3_Init	64	static
main.c:514:13:MX_USART1_UART_Init	8	static
main.c:547:13:MX_GPIO_Init	56	static
main.c:614:13:MX_FSMC_Init	40	static
main.c:678:6:HAL_TIM_PeriodElapsedCallback	16	static
main.c:695:6:Error_Handler	4	static
