stm32f4xx_hal_msp.c:66:6:HAL_MspInit	16	static
stm32f4xx_hal_msp.c:88:6:HAL_ADC_MspInit	48	static
stm32f4xx_hal_msp.c:122:6:HAL_ADC_MspDeInit	16	static
stm32f4xx_hal_msp.c:151:6:HAL_I2C_MspInit	48	static
stm32f4xx_hal_msp.c:187:6:HAL_I2C_MspDeInit	16	static
stm32f4xx_hal_msp.c:216:6:HAL_RTC_MspInit	16	static
stm32f4xx_hal_msp.c:238:6:HAL_RTC_MspDeInit	16	static
stm32f4xx_hal_msp.c:260:6:HAL_SD_MspInit	48	static
stm32f4xx_hal_msp.c:309:6:HAL_SD_MspDeInit	16	static
stm32f4xx_hal_msp.c:345:6:HAL_SPI_MspInit	56	static
stm32f4xx_hal_msp.c:407:6:HAL_SPI_MspDeInit	16	static
stm32f4xx_hal_msp.c:456:6:HAL_TIM_Base_MspInit	24	static
stm32f4xx_hal_msp.c:472:6:HAL_TIM_MspPostInit	40	static
stm32f4xx_hal_msp.c:504:6:HAL_TIM_Base_MspDeInit	16	static
stm32f4xx_hal_msp.c:526:6:HAL_UART_MspInit	48	static
stm32f4xx_hal_msp.c:565:6:HAL_UART_MspDeInit	16	static
stm32f4xx_hal_msp.c:592:13:HAL_FSMC_MspInit	32	static
stm32f4xx_hal_msp.c:639:6:HAL_SRAM_MspInit	16	static
stm32f4xx_hal_msp.c:651:13:HAL_FSMC_MspDeInit	8	static
stm32f4xx_hal_msp.c:686:6:HAL_SRAM_MspDeInit	16	static
